21:11:05 **** Auto Build of configuration Debug for project testApp ****
make all 
'Building file: ../src/testApp.c'
'Invoking: MicroBlaze gcc compiler'
mb-gcc -Wall -O0 -g3 -c -fmessage-length=0 -MT"src/testApp.o" -I../../testApp_bsp/microblaze_0/include -mlittle-endian -mxl-barrel-shift -mxl-pattern-compare -mno-xl-soft-div -mcpu=v10.0 -mno-xl-soft-mul -mxl-multiply-high -mhard-float -Wl,--no-relax -ffunction-sections -fdata-sections -MMD -MP -MF"src/testApp.d" -MT"src/testApp.o" -o "src/testApp.o" "../src/testApp.c"
'Finished building: ../src/testApp.c'
' '
'Building target: testApp.elf'
'Invoking: MicroBlaze gcc linker'
mb-gcc -Wl,-T -Wl,../src/lscript.ld -L../../testApp_bsp/microblaze_0/lib -mlittle-endian -mxl-barrel-shift -mxl-pattern-compare -mno-xl-soft-div -mcpu=v10.0 -mno-xl-soft-mul -mxl-multiply-high -mhard-float -Wl,--no-relax -Wl,--gc-sections -o "testApp.elf"  ./src/testApp.o   -Wl,--start-group,-lxil,-lgcc,-lc,--end-group
'Finished building target: testApp.elf'
' '
'Invoking: MicroBlaze Print Size'
mb-size testApp.elf  |tee "testApp.elf.size"
   text	   data	    bss	    dec	    hex	filename
   7440	    452	   3116	  11008	   2b00	testApp.elf
'Finished building: testApp.elf.size'
' '

21:11:07 Build Finished (took 1s.892ms)

